empty_len=0
empty_contains=false
empty_starts=false
empty_ends=false
empty_trim=
empty_upper=
empty_lower=
empty_replace=
empty_repeat=
empty_eq=true
empty_ne=false
empty_generic=true
split_len=3
split_0=a
split_2=c
no_split_len=1
no_split_0=hello
idx_world=6
idx_miss=true
slice=hello
contains_vorton=true
starts_vorton=true
ends_lang=true
ends_vorton=false
long_len=2
long_0=hello
long_1=world
upper_0=HELLO
upper_3=BAR
joined=hello-world-foo-bar
list_contains_str=true
list_miss_str=false
interp=val=42
nested_interp=a=b=c
pad_start=000hi
pad_end=hi...
repeat=ababab
done
