hearts=red
diamonds=red
clubs=black
spades=black
rank_sp=4
rank_h=3
rank_d=2
rank_c=2
plus_add=true
star_add=false
num_add=false
plus_op=true
slash_op=true
num_op=false
bucket0=tiny
bucket2=tiny
bucket5=small
bucket8=medium
bucket99=large
crit_bh=true
crit_ah=true
high_bh=true
high_ah=false
med_bh=true
low_bh=false
