opt_eq_diff: false
opt_eq_same: true
opt_ne_diff: true
none_eq: true
color_eq: true
color_ne: false
color_lt: true
color_gt: true
shape_eq_same: true
shape_eq_diff: false
shape_eq_cross: false
shape_dot_eq: true
shape_cmp_same: false
shape_cmp_f2: true
shape_cmp_cross: true
wrap_lt: true
wrap_gt: true
wrap_eq: true
wrap_ne: false
wrap_cross: true
pair_lt_f2: true
pair_lt_f1: true
pair_eq: true
str_opt_eq: true
str_opt_ne: false
enum_eq_ord_payload: done
